Digite um número: Digite a operação (+, -, *, /, u, f): 
