Digite um número: Erro: valor não é um número inteiro válido
Digite um número: Digite a operação (+, -, *, /, u, f): Digite um número: Erro: valor não é um número inteiro válido
Digite um número: Resultado: -128
Digite a operação (+, -, *, /, u, f): 
