Digite um número: Digite a operação (+, -, *, /, u, f): Digite um número: Resultado: 6
Digite a operação (+, -, *, /, u, f): Operação desfeita. Nenhum resultado salvo.
Digite um número: Digite a operação (+, -, *, /, u, f): 
