Digite um número: Digite a operação (+, -, *, /, u, f): Erro: operação inválida
Digite a operação (+, -, *, /, u, f): Erro: operação inválida
Digite a operação (+, -, *, /, u, f): Digite um número: Resultado: 7
Digite a operação (+, -, *, /, u, f): 
