Digite um número: Digite a operação (+, -, *, /, u, f): Digite um número: Resultado: 2
Digite a operação (+, -, *, /, u, f): Digite um número: Resultado: 14
Digite a operação (+, -, *, /, u, f): Digite um número: Resultado: 4
Digite a operação (+, -, *, /, u, f): 
