Digite um número: Digite a operação (+, -, *, /, u, f): Digite um número: Resultado: -2147483648
Digite a operação (+, -, *, /, u, f): Digite um número: Resultado: 0
Digite a operação (+, -, *, /, u, f): Digite um número: Resultado: 0
Digite a operação (+, -, *, /, u, f): 
