Digite um número: Digite a operação (+, -, *, /, u, f): Digite um número: Erro: divisão por zero
Digite a operação (+, -, *, /, u, f): Digite um número: Resultado: 15
Digite a operação (+, -, *, /, u, f): 
