Digite um número: Digite a operação (+, -, *, /, u, f): Digite um número: Resultado: 8
Digite a operação (+, -, *, /, u, f): Digite um número: Resultado: 32
Digite a operação (+, -, *, /, u, f): Digite um número: Resultado: 30
Digite a operação (+, -, *, /, u, f): Digite um número: Resultado: 10
Digite a operação (+, -, *, /, u, f): 
