Digite um número: Digite a operação (+, -, *, /, u, f): Digite um número: Resultado: 2
Digite a operação (+, -, *, /, u, f): Digite um número: Resultado: 3
Digite a operação (+, -, *, /, u, f): Digite um número: Resultado: 4
Digite a operação (+, -, *, /, u, f): Digite um número: Resultado: 5
Digite a operação (+, -, *, /, u, f): Digite um número: Resultado: 6
Digite a operação (+, -, *, /, u, f): Digite um número: Resultado: 7
Digite a operação (+, -, *, /, u, f): Digite um número: Resultado: 8
Digite a operação (+, -, *, /, u, f): 
